[2025-08-21 10:38:04,816]-[train.py line:54]:SEED=42 
[2025-08-21 10:38:04,816]-[train.py line:54]:SKIP_FIRST=False 
[2025-08-21 10:38:04,817]-[train.py line:54]:LOG_DIR=./sam/log_incremental/temp7_submax/first_wo_UCL+TCL/ 
[2025-08-21 10:38:04,817]-[train.py line:54]:TB_DIR=./sam/log_tensorboard/02-10-nomap-clreps 
[2025-08-21 10:38:04,817]-[train.py line:54]:SAVE_DIR= 
[2025-08-21 10:38:04,817]-[train.py line:54]:RESUME= 
[2025-08-21 10:38:04,817]-[train.py line:54]:PARALLEL=single 
[2025-08-21 10:38:04,817]-[train.py line:54]:DEVICE_IDS=0,1 
[2025-08-21 10:38:04,817]-[train.py line:54]:LOCAL_RANK=0 
[2025-08-21 10:38:04,817]-[train.py line:54]:WORLD_SIZE=4 
[2025-08-21 10:38:04,817]-[train.py line:54]:AMP=False 
[2025-08-21 10:38:04,817]-[train.py line:54]:PERM_ID=0 
[2025-08-21 10:38:04,817]-[train.py line:54]:DATASET=ACE 
[2025-08-21 10:38:04,817]-[train.py line:54]:STREAM_ROOT=./augmented_data 
[2025-08-21 10:38:04,817]-[train.py line:54]:MAX_SEQLEN=120 
[2025-08-21 10:38:04,817]-[train.py line:54]:FIXED_ENUM=True 
[2025-08-21 10:38:04,817]-[train.py line:54]:ENUM=1 
[2025-08-21 10:38:04,817]-[train.py line:54]:TEMPERATURE=2 
[2025-08-21 10:38:04,817]-[train.py line:54]:TASK_NUM=5 
[2025-08-21 10:38:04,817]-[train.py line:54]:EARLY_STOP=False 
[2025-08-21 10:38:04,817]-[train.py line:54]:PATIENCE=5 
[2025-08-21 10:38:04,817]-[train.py line:54]:EVAL_FREQ=1 
[2025-08-21 10:38:04,817]-[train.py line:54]:MY_TEST=False 
[2025-08-21 10:38:04,817]-[train.py line:54]:INPUT_MAP=False 
[2025-08-21 10:38:04,817]-[train.py line:54]:CLASS_NUM=10 
[2025-08-21 10:38:04,817]-[train.py line:54]:SHOT_NUM=10 
[2025-08-21 10:38:04,817]-[train.py line:54]:E_WEIGHT=50 
[2025-08-21 10:38:04,817]-[train.py line:54]:NO_REPLAY=False 
[2025-08-21 10:38:04,817]-[train.py line:54]:PERIOD=10 
[2025-08-21 10:38:04,817]-[train.py line:54]:EPOCHS=1 
[2025-08-21 10:38:04,817]-[train.py line:54]:BATCH_SIZE=4 
[2025-08-21 10:38:04,817]-[train.py line:54]:DEVICE=cuda:0 
[2025-08-21 10:38:04,817]-[train.py line:54]:LOG=True 
[2025-08-21 10:38:04,817]-[train.py line:54]:LOG_NAME=a_shuffle_lnone_r_5 
[2025-08-21 10:38:04,817]-[train.py line:54]:DATA_ROOT=./augmented_data 
[2025-08-21 10:38:04,817]-[train.py line:54]:BACKBONE=bert-base-uncased 
[2025-08-21 10:38:04,817]-[train.py line:54]:NO_FREEZE_BERT=True 
[2025-08-21 10:38:04,817]-[train.py line:54]:DWEIGHT_LOSS=True 
[2025-08-21 10:38:04,817]-[train.py line:54]:ALPHA=2.0 
[2025-08-21 10:38:04,817]-[train.py line:54]:BETA=3.0 
[2025-08-21 10:38:04,817]-[train.py line:54]:DISTILL=mul 
[2025-08-21 10:38:04,817]-[train.py line:54]:REP_AUG=mean 
[2025-08-21 10:38:04,817]-[train.py line:54]:GAMMA=1 
[2025-08-21 10:38:04,818]-[train.py line:54]:THETA=6 
[2025-08-21 10:38:04,818]-[train.py line:54]:CL_TEMP=0.07 
[2025-08-21 10:38:04,818]-[train.py line:54]:UCL=True 
[2025-08-21 10:38:04,818]-[train.py line:54]:CL_AUG=shuffle 
[2025-08-21 10:38:04,818]-[train.py line:54]:SUB_MAX=True 
[2025-08-21 10:38:04,818]-[train.py line:54]:LEAVE_ZERO=False 
[2025-08-21 10:38:04,818]-[train.py line:54]:SINGLE_LABEL=True 
[2025-08-21 10:38:04,818]-[train.py line:54]:AUG_REPEAT_TIMES=5 
[2025-08-21 10:38:04,818]-[train.py line:54]:AUG_DROPOUT_TIMES=0 
[2025-08-21 10:38:04,818]-[train.py line:54]:JOINT_DA_LOSS=none 
[2025-08-21 10:38:04,818]-[train.py line:54]:TLCL=True 
[2025-08-21 10:38:04,818]-[train.py line:54]:MSE_LOSS=False 
[2025-08-21 10:38:04,818]-[train.py line:54]:PSEUDO_LABEL=False 
[2025-08-21 10:38:04,818]-[train.py line:54]:LLM_AUGMENT=False 
[2025-08-21 10:38:04,818]-[train.py line:54]:LLM_AUGMENT_TIMES=5 
[2025-08-21 10:38:04,818]-[train.py line:54]:SIM_EVENT_TYPE=False 
[2025-08-21 10:38:04,818]-[train.py line:54]:LR=2e-05 
[2025-08-21 10:38:04,818]-[train.py line:54]:DECAY=0.0001 
[2025-08-21 10:38:04,818]-[train.py line:54]:ADAMW_EPS=1e-07 
[2025-08-21 10:38:04,818]-[train.py line:54]:SAM=True 
[2025-08-21 10:38:04,818]-[train.py line:54]:SAM_OPTIMIZER=SAM 
[2025-08-21 10:38:04,818]-[train.py line:54]:SAM_TYPE=current 
[2025-08-21 10:38:04,818]-[train.py line:54]:RHO=0.05 
[2025-08-21 10:38:04,818]-[train.py line:54]:SKIP_FIRST_CL=ucl+tlcl 
[2025-08-21 10:38:04,818]-[train.py line:54]:METHOD=None 
[2025-08-21 10:38:04,818]-[train.py line:55]: 
[2025-08-21 10:38:06,548]-[train.py line:124]:Stage 0 
[2025-08-21 10:38:06,548]-[train.py line:125]:Loading train instances for stage 0 
[2025-08-21 10:38:07,514]-[train.py line:189]:Learned types: [0, 1, 2] 
[2025-08-21 10:38:07,515]-[train.py line:190]:Previous learned types: [0] 
[2025-08-21 10:38:07,515]-[train.py line:196]:---------------------------------------------------------------------------------------------------- 
[2025-08-21 10:38:07,515]-[train.py line:197]:Stage 0: Epoch 0 
[2025-08-21 10:38:07,515]-[train.py line:198]:Training process 
[2025-08-21 10:38:07,516]-[train.py line:200]:Training batch: 
[2025-08-21 10:39:55,470]-[train.py line:601]:loss_ce: 0.06868382543325424 
[2025-08-21 10:39:55,470]-[train.py line:602]:loss_ucl: 0 
[2025-08-21 10:39:55,470]-[train.py line:603]:loss_tlcl: 0 
[2025-08-21 10:39:55,470]-[train.py line:604]:loss_dr: 0 
[2025-08-21 10:39:55,470]-[train.py line:605]:loss_aug: 0 
[2025-08-21 10:39:55,470]-[train.py line:606]:sim_event_loss: 0 
[2025-08-21 10:39:55,470]-[train.py line:607]:loss_fd: 0 
[2025-08-21 10:39:55,470]-[train.py line:608]:loss_pd: 0 
[2025-08-21 10:39:55,470]-[train.py line:609]:loss_all: 0.06868382543325424 
[2025-08-21 10:39:55,470]-[train.py line:613]:Evaluation process 
[2025-08-21 10:40:04,848]-[train.py line:667]:Early stopping with dev_score: None 
[2025-08-21 10:40:04,850]-[train.py line:668]:marco F1 0.41379308700561523 
[2025-08-21 10:40:04,850]-[train.py line:670]:Dev scores list: [41.38] 
[2025-08-21 10:40:04,850]-[train.py line:671]:bc:{1: (0.20000000298023224, 0.25, 0.222222238779068), 2: (0.761904776096344, 0.3333333432674408, 0.4637681543827057)} 
[2025-08-21 10:40:04,850]-[train.py line:124]:Stage 1 
[2025-08-21 10:40:04,850]-[train.py line:125]:Loading train instances for stage 1 
[2025-08-21 10:40:04,958]-[train.py line:165]:Loading train instances without negative instances for stage 1 
[2025-08-21 10:40:14,710]-[train.py line:189]:Learned types: [0, 1, 2, 3, 4] 
[2025-08-21 10:40:14,711]-[train.py line:190]:Previous learned types: [0, 1, 2] 
[2025-08-21 10:40:14,711]-[train.py line:196]:---------------------------------------------------------------------------------------------------- 
[2025-08-21 10:40:14,711]-[train.py line:197]:Stage 1: Epoch 0 
[2025-08-21 10:40:14,711]-[train.py line:198]:Training process 
[2025-08-21 10:40:14,711]-[train.py line:200]:Training batch: 
